blase's_smartphone_occupancy_occupied:0.0
blase's_smartphone_occupancy_occupied:0.0 blase's_smartphone_occupancy_unoccupied:164.0
blase's_smartphone_occupancy_occupied:0.0 blase's_smartphone_occupancy_unoccupied:19544.0 blase's_smartphone_occupancy_occupied:1154.0
blase's_smartphone_occupancy_occupied:0.0 blase's_smartphone_occupancy_unoccupied:19774.0
blase's_smartphone_occupancy_occupied:0.0 blase's_smartphone_occupancy_unoccupied:22665.0
blase's_smartphone_occupancy_occupied:0.0 blase's_smartphone_occupancy_unoccupied:2611.0 blase's_smartphone_occupancy_occupied:6837.0 blase's_smartphone_occupancy_unoccupied:15229.0
blase's_smartphone_occupancy_occupied:0.0 blase's_smartphone_occupancy_unoccupied:26788.0
blase's_smartphone_occupancy_occupied:0.0 blase's_smartphone_occupancy_unoccupied:28029.0
blase's_smartphone_occupancy_occupied:0.0 blase's_smartphone_occupancy_unoccupied:38012.0
blase's_smartphone_occupancy_occupied:0.0 blase's_smartphone_occupancy_unoccupied:42140.0
blase's_smartphone_occupancy_occupied:0.0 blase's_smartphone_occupancy_unoccupied:4404.0
blase's_smartphone_occupancy_occupied:0.0 blase's_smartphone_occupancy_unoccupied:5030.0 blase's_smartphone_occupancy_occupied:978.0 blase's_smartphone_occupancy_unoccupied:37581.0
blase's_smartphone_occupancy_occupied:0.0 blase's_smartphone_occupancy_unoccupied:52.0
blase's_smartphone_occupancy_occupied:0.0 blase's_smartphone_occupancy_unoccupied:56.0
blase's_smartphone_occupancy_occupied:0.0 blase's_smartphone_occupancy_unoccupied:61.0
blase's_smartphone_occupancy_occupied:0.0 blase's_smartphone_occupancy_unoccupied:65.0 blase's_smartphone_occupancy_occupied:20660.0 blase's_smartphone_occupancy_unoccupied:50.0
blase's_smartphone_occupancy_occupied:0.0 blase's_smartphone_occupancy_unoccupied:88.0 blase's_smartphone_occupancy_occupied:35928.0
blase's_smartphone_occupancy_occupied:0.0 blase's_smartphone_occupancy_unoccupied:9988.0 blase's_smartphone_occupancy_occupied:12710.0 blase's_smartphone_occupancy_unoccupied:342.0
blase's_smartphone_occupancy_unoccupied:0.0
blase's_smartphone_occupancy_unoccupied:0.0 blase's_smartphone_occupancy_occupied:1207.0 blase's_smartphone_occupancy_unoccupied:20446.0
blase's_smartphone_occupancy_unoccupied:0.0 blase's_smartphone_occupancy_occupied:14137.0
blase's_smartphone_occupancy_unoccupied:0.0 blase's_smartphone_occupancy_occupied:14571.0 blase's_smartphone_occupancy_unoccupied:24902.0